[{"stream_name":"stderr","time":6.768584586,"data":"0.00s - Debugger warning: It seems that frozen modules are being used, which may\n"}
,{"stream_name":"stderr","time":6.768657476,"data":"0.00s - make the debugger miss breakpoints. Please pass -Xfrozen_modules=off\n"}
,{"stream_name":"stderr","time":6.7686615660000005,"data":"0.00s - to python to disable frozen modules.\n"}
,{"stream_name":"stderr","time":6.768663956,"data":"0.00s - Note: Debugging will proceed. Set PYDEVD_DISABLE_FILE_VALIDATION=1 to disable this validation.\n"}
,{"stream_name":"stderr","time":7.316220742,"data":"0.00s - Debugger warning: It seems that frozen modules are being used, which may\n"}
,{"stream_name":"stderr","time":7.316250112,"data":"0.00s - make the debugger miss breakpoints. Please pass -Xfrozen_modules=off\n"}
,{"stream_name":"stderr","time":7.316254982,"data":"0.00s - to python to disable frozen modules.\n"}
,{"stream_name":"stderr","time":7.316258642,"data":"0.00s - Note: Debugging will proceed. Set PYDEVD_DISABLE_FILE_VALIDATION=1 to disable this validation.\n"}
,{"stream_name":"stderr","time":8.571874855,"data":"Traceback (most recent call last):\n"}
,{"stream_name":"stderr","time":8.571910695,"data":"  File \"\u003cstring\u003e\", line 1, in \u003cmodule\u003e\n"}
,{"stream_name":"stderr","time":8.571915795,"data":"  File \"/usr/local/lib/python3.12/dist-packages/papermill/execute.py\", line 131, in execute_notebook\n"}
,{"stream_name":"stderr","time":8.571949955000001,"data":"    raise_for_execution_errors(nb, output_path)\n"}
,{"stream_name":"stderr","time":8.572060895,"data":"  File \"/usr/local/lib/python3.12/dist-packages/papermill/execute.py\", line 251, in raise_for_execution_errors\n"}
,{"stream_name":"stderr","time":8.572179855,"data":"    raise error\n"}
,{"stream_name":"stderr","time":8.572188235,"data":"papermill.exceptions.PapermillExecutionError: \n"}
,{"stream_name":"stderr","time":8.572192275,"data":"---------------------------------------------------------------------------\n"}
,{"stream_name":"stderr","time":8.572195455,"data":"Exception encountered at \"In [1]\":\n"}
,{"stream_name":"stderr","time":8.572198635,"data":"  File \"/tmp/ipykernel_16/3343700872.py\", line 15\n"}
,{"stream_name":"stderr","time":8.572201995,"data":"    print(f'##NODE_OUTPUT:{\\\"type\\\":\\\"table\\\",\\\"data\\\":{json.dumps(table_data)}}')\n"}
,{"stream_name":"stderr","time":8.572205975,"data":"                            ^\n"}
,{"stream_name":"stderr","time":8.572209345,"data":"SyntaxError: unexpected character after line continuation character\n"}
,{"stream_name":"stderr","time":8.572212715,"data":"\n"}
,{"stream_name":"stderr","time":8.572214705,"data":"\n"}
,{"stream_name":"stderr","time":10.680428342,"data":"/usr/local/lib/python3.12/dist-packages/mistune.py:435: SyntaxWarning: invalid escape sequence '\\|'\n"}
,{"stream_name":"stderr","time":10.680468712,"data":"  cells[i][c] = re.sub('\\\\\\\\\\|', '|', cell)\n"}
,{"stream_name":"stderr","time":10.829908107,"data":"/usr/local/lib/python3.12/dist-packages/nbconvert/filters/filter_links.py:36: SyntaxWarning: invalid escape sequence '\\_'\n"}
,{"stream_name":"stderr","time":10.829931717000001,"data":"  text = re.sub(r'_', '\\_', text) # Escape underscores in display text\n"}
,{"stream_name":"stderr","time":11.364619467,"data":"[NbConvertApp] Converting notebook __notebook__.ipynb to notebook\n"}
,{"stream_name":"stderr","time":11.602602655,"data":"[NbConvertApp] Writing 9191 bytes to __notebook__.ipynb\n"}
,{"stream_name":"stderr","time":13.773343753,"data":"[NbConvertApp] Converting notebook __notebook__.ipynb to html\n"}
,{"stream_name":"stderr","time":14.496117677,"data":"[NbConvertApp] Writing 303701 bytes to __results__.html\n"}
]